[backblue.gif]
[fade.gif]
[index.html]
[ajax.googleapis.com/ajax/libs/jquery/1.7/jquery.min97e1.js]
[sibagrades.iba-suk.edu.pk_86/Resources/_layout/custom.js]
[sibagrades.iba-suk.edu.pk_86/Default.html]
[sibagrades.iba-suk.edu.pk_86/Resources/_layout/1140.css]
[sibagrades.iba-suk.edu.pk_86/Resources/_layout/images/back-container.png]
[sibagrades.iba-suk.edu.pk_86/Resources/_layout/images/back-icon-message.png]
[sibagrades.iba-suk.edu.pk_86/Resources/_layout/images/back-navigation-tab-hover2.png]
[sibagrades.iba-suk.edu.pk_86/Resources/_layout/images/back-nav-border.png]
[sibagrades.iba-suk.edu.pk_86/Resources/_layout/images/back-arrow-nav.png]
[sibagrades.iba-suk.edu.pk_86/Resources/_layout/images/icon-dash.png]
[sibagrades.iba-suk.edu.pk_86/Resources/_layout/images/icon-user.png]
[sibagrades.iba-suk.edu.pk_86/Resources/_layout/images/icon-widget.png]
[sibagrades.iba-suk.edu.pk_86/Resources/_layout/images/icon-post.png]
[sibagrades.iba-suk.edu.pk_86/Resources/_layout/images/icon-pages.png]
[sibagrades.iba-suk.edu.pk_86/Resources/_layout/images/back-navigation.png]
[sibagrades.iba-suk.edu.pk_86/Resources/_layout/images/back-panel.png]
[sibagrades.iba-suk.edu.pk_86/Resources/_layout/images/back-table-sorter-header.png]
[sibagrades.iba-suk.edu.pk_86/Resources/_layout/images/back-table-sorter-asc.png]
[sibagrades.iba-suk.edu.pk_86/Resources/_layout/images/back-table-sorter-desc.png]
[sibagrades.iba-suk.edu.pk_86/Resources/_layout/images/checkbox.png]
[sibagrades.iba-suk.edu.pk_86/Resources/_layout/images/radio.png]
[sibagrades.iba-suk.edu.pk_86/Resources/_layout/images/back-progress-bar-pattern2.png]
[sibagrades.iba-suk.edu.pk_86/Resources/_layout/images/back-progress-bar-blue2.png]
[sibagrades.iba-suk.edu.pk_86/Resources/_layout/images/back-progress-bar-green.png]
[sibagrades.iba-suk.edu.pk_86/Resources/_layout/images/back-progress-bar-orange.png]
[sibagrades.iba-suk.edu.pk_86/Resources/_layout/images/back-progress-bar-pattern-large2.png]
[sibagrades.iba-suk.edu.pk_86/Resources/_layout/images/back-progress-bar-blue-large2.png]
[sibagrades.iba-suk.edu.pk_86/Resources/_layout/style.css]
[sibagrades.iba-suk.edu.pk_86/Resources/_scripts/jquery.fullcalendar/fullcalendar.html]
[sibagrades.iba-suk.edu.pk_86/Resources/_scripts/jquery.fullcalendar/fullcalendar.print.html]
[sibagrades.iba-suk.edu.pk_86/Resources/_layout/scripts/jquery.uniform/uniform.default.html]
[sibagrades.iba-suk.edu.pk_86/Resources/_themes/default.css]
[sibagrades.iba-suk.edu.pk_86/Resources/_layout/scripts/jquery.ui/ui-lightness/jquery-ui-1.8.18.custom.html]
[sibagrades.iba-suk.edu.pk_86/Resources/_layout/scripts/css3-mediaqueries.html]
[sibagrades.iba-suk.edu.pk_86/Resources/_layout/scripts/jquery.uniform/jquery.uniform.min.html]
[sibagrades.iba-suk.edu.pk_86/wpForgotPassword.html]
[sibagrades.iba-suk.edu.pk_86/Resources/_layout/images/back-navigation-tab-active2.html]
[sibagrades.iba-suk.edu.pk_86/Resources/images/back-screencast.html]
[sibagrades.iba-suk.edu.pk_86/Resources/_layout/images/back-panel-title.html]
